// Jest Snapshot v1, https://goo.gl/fbAQLP

exports[`The Certificates stack passes snapshot tests 1`] = `
{
  "Outputs": {
    "Webskate101CertArn": {
      "Description": "The ARN for the webskate101.com certificate",
      "Export": {
        "Name": "Webskate101CertArn",
      },
      "Value": {
        "Ref": "ApiCert744F7693",
      },
    },
  },
  "Parameters": {
    "BootstrapVersion": {
      "Default": "/cdk-bootstrap/hnb659fds/version",
      "Description": "Version of the CDK Bootstrap resources in this environment, automatically retrieved from SSM Parameter Store. [cdk:skip]",
      "Type": "AWS::SSM::Parameter::Value<String>",
    },
  },
  "Resources": {
    "ApiCert744F7693": {
      "Properties": {
        "DomainName": "webskate101.com",
        "DomainValidationOptions": [
          {
            "DomainName": "webskate101.com",
            "HostedZoneId": "DUMMY",
          },
        ],
        "SubjectAlternativeNames": [
          "*.webskate101.com",
        ],
        "Tags": [
          {
            "Key": "Name",
            "Value": "CertificatesStack/ApiCert",
          },
        ],
        "ValidationMethod": "DNS",
      },
      "Type": "AWS::CertificateManager::Certificate",
    },
  },
  "Rules": {
    "CheckBootstrapVersion": {
      "Assertions": [
        {
          "Assert": {
            "Fn::Not": [
              {
                "Fn::Contains": [
                  [
                    "1",
                    "2",
                    "3",
                    "4",
                    "5",
                  ],
                  {
                    "Ref": "BootstrapVersion",
                  },
                ],
              },
            ],
          },
          "AssertDescription": "CDK bootstrap stack version 6 required. Please run 'cdk bootstrap' with a recent version of the CDK CLI.",
        },
      ],
    },
  },
}
`;
